---
source: crates/baton-tui/src/tests.rs
expression: text(&buf)
---
╭─ ✗ Paso 6 falló · Levantar servicios ───────────────────────────── 00:04:07 ─╮
│                                                                              │
│  El servidor rechazó la autenticación                                        │
│  ┌────────────────────────────────────────────────────────────────────────┐  │
│  │ ▸ ssh deploy@10.0.4.12 "docker compose up -d"                          │  │
│  │   Permission denied (publickey)                                        │  │
│  └────────────────────────────────────────────────────────────────────────┘  │
│                                                                              │
├──────────────────────────────────────────────────────────────────────────────┤
│  ¿Qué quieres hacer?                                                         │
│  › 1 Actualizar credencial y reintentar                                      │
│    2 Reintentar sin cambios                                                  │
│    3 Rollback a antes del paso 4                                             │
│    4 Ver el log completo                                                     │
│    5 Abrir shell para investigar                                             │
│    6 Abortar y guardar estado                                                │
│                                                                              │
│    abre la credencial y repite el paso 6                                     │
│                                                                              │
│                                                                              │
│                                                                              │
├──────────────────────────────────────────────────────────────────────────────┤
│ [↑↓] elegir  [1-9] directo  [enter] confirmar  [l] ver log  [v] pipeline     │
╰──────────────────────────────────────────────────────────────────────────────╯
