---
source: crates/baton-tui/src/tests.rs
expression: text(&buf)
---
╭─ ✗ Paso 6 falló · Levantar servicios ───────────────────────────────────────────────────────────────────── 00:04:07 ─╮
│                                                                                                                      │
│  El servidor rechazó la autenticación                                                                                │
│  ┌────────────────────────────────────────────────────────────────────────────────────────────────────────────────┐  │
│  │ ▸ ssh deploy@10.0.4.12 "docker compose up -d"                                                                  │  │
│  │   Permission denied (publickey)                                                                                │  │
│  └────────────────────────────────────────────────────────────────────────────────────────────────────────────────┘  │
│                                                                                                                      │
├──────────────────────────────────────────────────────────────────────────────────────────────────────────────────────┤
│  ¿Qué quieres hacer?                                                                                                 │
│  › Actualizar credencial y reintentar                                                                                │
│    Reintentar sin cambios                                                                                            │
│    Rollback a antes del paso 4                                                                                       │
│    Ver el log completo                                                                                               │
│    Abrir shell para investigar                                                                                       │
│    Abortar y guardar estado                                                                                          │
│                                                                                                                      │
│                                                                                                                      │
│                                                                                                                      │
│                                                                                                                      │
│                                                                                                                      │
│                                                                                                                      │
│                                                                                                                      │
│                                                                                                                      │
│                                                                                                                      │
│                                                                                                                      │
│                                                                                                                      │
├──────────────────────────────────────────────────────────────────────────────────────────────────────────────────────┤
│ [↑↓] elegir  [enter] confirmar  [l] ver log  [v] pipeline                                                            │
╰──────────────────────────────────────────────────────────────────────────────────────────────────────────────────────╯
