---
source: crates/baton-tui/src/tests_b2.rs
expression: "screen(&app, 100, 24)"
---
╭─ ◆ Gate para avanzar · Levantar servicios ───────────────────────────────────── <↻ Re-escanear> ─╮
│ modo        manual  [auto por servicio]                                                          │
│ condición   [todos pasan]  al menos N  críticos pasan                                            │
│ escaneo     services/*/docker-compose.yml · 5 servicios · ahora                                  │
├──────────────────────────────────────────────────────────────────────────────────────────────────┤
│      servicio    tipo de check   objetivo                                                        │
│›[x]  api ★       [healthcheck]   definido en compose                                             │
│ [x]  web         [http]          [ http://{destino}:3000/health                                ] │
│ [x]  worker      [running]       sin puertos · contenedor arriba 30s                             │
│ [+]  notifier    [http]          nuevo · detectado en el escaneo                                 │
│ [+]  scheduler   [http]          nuevo · detectado en el escaneo                                 │
│ [+]  check extra                 comando o URL que no venga de un servicio                       │
│                                                                                                  │
│                                                                                                  │
│                                                                                                  │
├──────────────────────────────────────────────────────────────────────────────────────────────────┤
│ por check   timeout [ 60s   ]   intentos [ 6   ]   (●) en paralelo                               │
│ al ejecutar (●) re-escanear antes de correr el gate                                              │
│                                                                                                  │
├──────────────────────────────────────────────────────────────────────────────────────────────────┤
│ 1 servicio(s) nuevo(s), sin activar                                                              │
│ [r] re-escanear  [espacio] activar check  [e] editar check  [c] marcar crítico  [b] borrar check │
│ [x] quitar gate  [tab] sección  [esc] volver                                                     │
╰──────────────────────────────────────────────────────────────────────────────────────────────────╯
