---
source: crates/baton-tui/src/tests.rs
expression: text(&buf)
---
╭─ Revisar plan: instalar ─────────────────────────────── 7 pasos · 6 activos ─╮
│                                                                              │
│   ⋮⋮ [✓] 1  Pre-checks                                               [check] │
│             docker ≥24, puertos 5432, 8080                                   │
│   ⋮⋮ [✓] 2  Backup volúmenes (opcional)                             [backup] │
│             pg_data → .baton/backups/                                        │
│ › ⋮⋮ [✓] 3  Build imágenes                                      [dockerfile] │
│             api/, worker/, web/Dockerfile                                    │
│   ⋮⋮ [✓] 4  Levantar DB                                            [compose] │
│             db/docker-compose.yml                                            │
│   ⋮⋮ [✓] 5  Gate: healthcheck postgres                           [gate auto] │
│             pg_isready · 6 intentos · 60s                                    │
│   ⋮⋮ [✓] 6  Gate: confirmar despliegue                         [gate manual] │
│             pregunta antes de continuar                                      │
│   ⋮⋮ [ ] 7  Smoke tests                                              [check] │
│             desactivado por ti                                               │
│                                                                              │
│                                                                              │
├──────────────────────────────────────────────────────────────────────────────┤
│ (●) Backup antes de ejecutar   (●) Rollback automático   ( ) Dry-run         │
├──────────────────────────────────────────────────────────────────────────────┤
│ [espacio] activar  [shift ↑↓] mover  [e] editar paso  [g] añadir gate        │
│ [v] pipeline  [enter] ejecutar                                               │
╰──────────────────────────────────────────────────────────────────────────────╯
