---
source: crates/baton-tui/src/tests.rs
expression: text(&buf)
---
╭─ ✗ Paso 6 falló · Levantar servicios ───────────────────────────── 00:04:07 ─╮
│                                                                              │
│  El comando terminó con código 1                                             │
│  ┌────────────────────────────────────────────────────────────────────────┐  │
│  │ ▸ docker compose up -d                                                 │  │
│  │   … 7 líneas anteriores                                                │  │
│  │   línea de error 8                                                     │  │
│  │   línea de error 9                                                     │  │
│  │   línea de error 10                                                    │  │
│  │   línea de error 11                                                    │  │
│  │   línea de error 12                                                    │  │
│  └────────────────────────────────────────────────────────────────────────┘  │
│                                                                              │
├──────────────────────────────────────────────────────────────────────────────┤
│  ¿Qué quieres hacer?                                                         │
│  › 1 Reintentar sin cambios                                                  │
│    2 Ver el log completo                                                     │
│    3 Abrir shell para investigar                                             │
│    4 Abortar y guardar estado                                                │
│                                                                              │
│    repite el paso 6 tal cual                                                 │
├──────────────────────────────────────────────────────────────────────────────┤
│ [↑↓] elegir  [1-9] directo  [enter] confirmar  [l] ver log  [v] pipeline     │
╰──────────────────────────────────────────────────────────────────────────────╯
