---
source: crates/baton-tui/src/tests.rs
expression: text(&buf)
---
╭─ ✗ Paso 6 falló · Levantar servicios ───────────────────────────── 00:04:07 ─╮
│                                                                              │
│  El comando terminó con código 1                                             │
│  ┌────────────────────────────────────────────────────────────────────────┐  │
│  │ ▸ docker compose up -d                                                 │  │
│  │   … 4 líneas anteriores                                                │  │
│  │   línea de error 5                                                     │  │
│  │   línea de error 6                                                     │  │
│  │   línea de error 7                                                     │  │
│  │   línea de error 8                                                     │  │
│  │   línea de error 9                                                     │  │
│  │   línea de error 10                                                    │  │
│  │   línea de error 11                                                    │  │
│  │   línea de error 12                                                    │  │
│  └────────────────────────────────────────────────────────────────────────┘  │
│                                                                              │
├──────────────────────────────────────────────────────────────────────────────┤
│  ¿Qué quieres hacer?                                                         │
│  › Reintentar sin cambios                                                    │
│    Abrir shell para investigar                                               │
│    Abortar y guardar estado                                                  │
├──────────────────────────────────────────────────────────────────────────────┤
│ [↑↓] elegir  [enter] confirmar                                               │
╰──────────────────────────────────────────────────────────────────────────────╯
